node:events:497
      throw er; // Unhandled 'error' event
      ^

Error: listen EADDRINUSE: address already in use 0.🔐 Intento de login: {
  email: 'comprador1@test.com',
  passwordLength: 11,
  body: { email: 'comprador1@test.com', password: 'password123' }
}
❌ Usuario no encontrado: comprador1@test.com
🔐 Intento de login: {
  email: 'comercio.tacosdonrafa@test.com',
  passwordLength: 11,
  body: { email: 'comercio.tacosdonrafa@test.com', password: 'password123' }
}
❌ Usuario no encontrado: comercio.tacosdonrafa@test.com
🔐 Intento de login: {
  email: 'admin@delicrunch.com',
  passwordLength: 11,
  body: { email: 'admin@delicrunch.com', password: 'password123' }
}
✅ Usuario encontrado: { id: 1, email: 'admin@delicrunch.com', rol: 'admin' }
🔑 Comparación de contraseña: { isMatch: false, hashPreview: '$2b$10$vpcZzA/xZE2eB' }
❌ Contraseña incorrecta
🔐 Intento de login: {
  email: 'comprador1@test.com',
  passwordLength: 11,
  body: { email: 'comprador1@test.com', password: 'password123' }
}
✅ Usuario encontrado: { id: 11, email: 'comprador1@test.com', rol: 'buyer' }
🔑 Comparación de contraseña: { isMatch: true, hashPreview: '$2b$10$ilMm.cqAAmMYL' }
🔐 Intento de login: {
  email: 'comprador1@test.com',
  passwordLength: 11,
  body: { email: 'comprador1@test.com', password: 'password123' }
}
✅ Usuario encontrado: { id: 11, email: 'comprador1@test.com', rol: 'buyer' }
🔑 Comparación de contraseña: { isMatch: true, hashPreview: '$2b$10$ilMm.cqAAmMYL' }
🔐 Intento de login: {
  email: 'comercio.tacosdonrafa@test.com',
  passwordLength: 11,
  body: { email: 'comercio.tacosdonrafa@test.com', password: 'password123' }
}
✅ Usuario encontrado: { id: 12, email: 'comercio.tacosdonrafa@test.com', rol: 'seller' }
🔑 Comparación de contraseña: { isMatch: true, hashPreview: '$2b$10$ilMm.cqAAmMYL' }
🔐 Intento de login: {
  email: 'admin@delicrunch.com',
  passwordLength: 11,
  body: { email: 'admin@delicrunch.com', password: 'password123' }
}
✅ Usuario encontrado: { id: 1, email: 'admin@delicrunch.com', rol: 'admin' }
🔑 Comparación de contraseña: { isMatch: true, hashPreview: '$2b$10$ilMm.cqAAmMYL' }
🔐 Intento de login: {
  email: 'comprador1@test.com',
  passwordLength: 11,
  body: { email: 'comprador1@test.com', password: 'password123' }
}
✅ Usuario encontrado: { id: 11, email: 'comprador1@test.com', rol: 'buyer' }
🔑 Comparación de contraseña: { isMatch: true, hashPreview: '$2b$10$ilMm.cqAAmMYL' }
❌ Error: error: column f.product_id does not exist
    at /workspaces/Delicrunch/Backend/node_modules/pg-pool/index.js:45:11
    at process.processTicksAndRejections (node:internal/process/task_queues:105:5)
    at async /workspaces/Delicrunch/Backend/controllers/productController.js:353:28
❌ Error: error: column f.product_id does not exist
    at /workspaces/Delicrunch/Backend/node_modules/pg-pool/index.js:45:11
    at process.processTicksAndRejections (node:internal/process/task_queues:105:5)
    at async /workspaces/Delicrunch/Backend/controllers/productController.js:353:28
❌ Error: error: column f.product_id does not exist
    at /workspaces/Delicrunch/Backend/node_modules/pg-pool/index.js:45:11
    at process.processTicksAndRejections (node:internal/process/task_queues:105:5)
    at async /workspaces/Delicrunch/Backend/controllers/productController.js:353:28
❌ Error: error: column r.rating does not exist
    at /workspaces/Delicrunch/Backend/node_modules/pg-pool/index.js:45:11
    at process.processTicksAndRejections (node:internal/process/task_queues:105:5)
    at async /workspaces/Delicrunch/Backend/controllers/reviewController.js:195:21
❌ Error: error: column r.rating does not exist
    at /workspaces/Delicrunch/Backend/node_modules/pg-pool/index.js:45:11
    at process.processTicksAndRejections (node:internal/process/task_queues:105:5)
    at async /workspaces/Delicrunch/Backend/controllers/reviewController.js:163:21
💰 Creating Mercado Pago Preference { userId: 11, productId: 2, cantidad: 1, couponDiscount: 0 }
💰 Payment calculation {
  productName: 'Tacos de Pastor',
  storeName: 'Tacos El Norteño',
  cantidad: 1,
  subtotal: 45,
  couponDiscount: 0,
  totalAfterCoupon: 45,
  platformFeeAmount: 11.25,
  merchantAmount: 33.75,
  platformPercentage: 25,
  merchantPercentage: 75
}
✅ Mercado Pago Preference created {
  preferenceId: '3151906188-f3435884-b06a-4ea1-bfe3-3546932043d7',
  initPoint: 'https://www.mercadopago.com.mx/checkout/v1/redirect?pref_id=3151906188-f3435884-b06a-4ea1-bfe3-3546932043d7'
}
⚠️ Could not save preference to DB {
  error: 'column "mercadopago_preference_id" of relation "payment_preferences" does not exist'
}
📩 Mercado Pago Webhook received: { type: undefined, data: undefined }
❌ Error: error: column f.product_id does not exist
    at /workspaces/Delicrunch/Backend/node_modules/pg-pool/index.js:45:11
    at process.processTicksAndRejections (node:internal/process/task_queues:105:5)
    at async /workspaces/Delicrunch/Backend/controllers/productController.js:353:28
❌ Error: error: column r.rating does not exist
    at /workspaces/Delicrunch/Backend/node_modules/pg-pool/index.js:45:11
    at process.processTicksAndRejections (node:internal/process/task_queues:105:5)
    at async /workspaces/Delicrunch/Backend/controllers/reviewController.js:163:21
❌ Error: error: column f.product_id does not exist
    at /workspaces/Delicrunch/Backend/node_modules/pg-pool/index.js:45:11
    at process.processTicksAndRejections (node:internal/process/task_queues:105:5)
    at async /workspaces/Delicrunch/Backend/controllers/productController.js:353:28
❌ Error: error: column r.rating does not exist
    at /workspaces/Delicrunch/Backend/node_modules/pg-pool/index.js:45:11
    at process.processTicksAndRejections (node:internal/process/task_queues:105:5)
    at async /workspaces/Delicrunch/Backend/controllers/reviewController.js:163:21
💰 Creating Mercado Pago Preference { userId: 11, productId: 1, cantidad: 1, couponDiscount: 0 }
💰 Payment calculation {
  productName: 'Tacos de Asada',
  storeName: 'Tacos El Norteño',
  cantidad: 1,
  subtotal: 45,
  couponDiscount: 0,
  totalAfterCoupon: 45,
  platformFeeAmount: 11.25,
  merchantAmount: 33.75,
  platformPercentage: 25,
  merchantPercentage: 75
}
✅ Mercado Pago Preference created {
  preferenceId: '3151906188-26eb934e-8f41-4542-9f25-7867d36aace5',
  initPoint: 'https://www.mercadopago.com.mx/checkout/v1/redirect?pref_id=3151906188-26eb934e-8f41-4542-9f25-7867d36aace5'
}
⚠️ Could not save preference to DB {
  error: 'column "mercadopago_preference_id" of relation "payment_preferences" does not exist'
}
❌ Error: error: column f.product_id does not exist
    at /workspaces/Delicrunch/Backend/node_modules/pg-pool/index.js:45:11
    at process.processTicksAndRejections (node:internal/process/task_queues:105:5)
    at async /workspaces/Delicrunch/Backend/controllers/productController.js:353:28
🔐 Intento de login: {
  email: 'taqueria.lasdelicias@delicrunch.com',
  passwordLength: 11,
  body: {
    email: 'taqueria.lasdelicias@delicrunch.com',
    password: 'password123'
  }
}
✅ Usuario encontrado: { id: 14, email: 'taqueria.lasdelicias@delicrunch.com', rol: 'seller' }
🔑 Comparación de contraseña: { isMatch: true, hashPreview: '$2b$10$/2BYiOReVIiFm' }
🔍 getStoreId - userId: 14, role: seller, stores found: 1
✅ getStoreId - Assigned storeId: 305 to userId: 14
🔍 getStoreId - userId: 14, role: seller, stores found: 1
✅ getStoreId - Assigned storeId: 305 to userId: 14
🏪 getStoreOrders - storeId: 305 userId: 14 role: seller
📦 Found 0 orders for store 305
🔍 getStoreId - userId: 14, role: seller, stores found: 1
✅ getStoreId - Assigned storeId: 305 to userId: 14
🔍 getStoreId - userId: 14, role: seller, stores found: 1
✅ getStoreId - Assigned storeId: 305 to userId: 14
🔍 getStoreId - userId: 14, role: seller, stores found: 1
✅ getStoreId - Assigned storeId: 305 to userId: 14
🏪 getStoreOrders - storeId: 305 userId: 14 role: seller
📦 Found 0 orders for store 305
🔍 getStoreId - userId: 14, role: seller, stores found: 1
✅ getStoreId - Assigned storeId: 305 to userId: 14
🏪 getStoreOrders - storeId: 305 userId: 14 role: seller
📦 Found 0 orders for store 305
❌ Error: error: column r.rating does not exist
    at /workspaces/Delicrunch/Backend/node_modules/pg-pool/index.js:45:11
    at process.processTicksAndRejections (node:internal/process/task_queues:105:5)
    at async /workspaces/Delicrunch/Backend/controllers/reviewController.js:237:21
🔍 getStoreId - userId: 14, role: seller, stores found: 1
✅ getStoreId - Assigned storeId: 305 to userId: 14
🔍 getStoreId - userId: 14, role: seller, stores found: 1
✅ getStoreId - Assigned storeId: 305 to userId: 14
🏪 getStoreOrders - storeId: 305 userId: 14 role: seller
📦 Found 0 orders for store 305
🔍 getStoreId - userId: 14, role: seller, stores found: 1
✅ getStoreId - Assigned storeId: 305 to userId: 14
🔍 getStoreId - userId: 14, role: seller, stores found: 1
✅ getStoreId - Assigned storeId: 305 to userId: 14
🔍 getStoreId - userId: 14, role: seller, stores found: 1
✅ getStoreId - Assigned storeId: 305 to userId: 14
🏪 getStoreOrders - storeId: 305 userId: 14 role: seller
📦 Found 0 orders for store 305
🔍 getStoreId - userId: 14, role: seller, stores found: 1
✅ getStoreId - Assigned storeId: 305 to userId: 14
🔐 Intento de login: {
  email: 'admin@delicrunch.com',
  passwordLength: 11,
  body: { email: 'admin@delicrunch.com', password: 'password123' }
}
✅ Usuario encontrado: { id: 1, email: 'admin@delicrunch.com', rol: 'admin' }
🔑 Comparación de contraseña: { isMatch: true, hashPreview: '$2b$10$Cf54fh0BIhHpn' }
Error al verificar rol: error: column "rol" does not exist
    at /workspaces/Delicrunch/Backend/node_modules/pg-pool/index.js:45:11
    at process.processTicksAndRejections (node:internal/process/task_queues:105:5)
    at async /workspaces/Delicrunch/Backend/middleware/authMiddleware.js:57:28 {
  length: 159,
  severity: 'ERROR',
  code: '42703',
  detail: undefined,
  hint: 'Perhaps you meant to reference the column "users.role".',
  position: '8',
  internalPosition: undefined,
  internalQuery: undefined,
  where: undefined,
  schema: undefined,
  table: undefined,
  column: undefined,
  dataType: undefined,
  constraint: undefined,
  file: 'parse_relation.c',
  line: '3729',
  routine: 'errorMissingColumn'
}
❌ Error: error: invalid input syntax for type integer: "all"
    at /workspaces/Delicrunch/Backend/node_modules/pg-pool/index.js:45:11
    at process.processTicksAndRejections (node:internal/process/task_queues:105:5)
    at async /workspaces/Delicrunch/Backend/controllers/orderController.js:180:25
Error al verificar rol: error: column "rol" does not exist
    at /workspaces/Delicrunch/Backend/node_modules/pg-pool/index.js:45:11
    at process.processTicksAndRejections (node:internal/process/task_queues:105:5)
    at async /workspaces/Delicrunch/Backend/middleware/authMiddleware.js:57:28 {
  length: 159,
  severity: 'ERROR',
  code: '42703',
  detail: undefined,
  hint: 'Perhaps you meant to reference the column "users.role".',
  position: '8',
  internalPosition: undefined,
  internalQuery: undefined,
  where: undefined,
  schema: undefined,
  table: undefined,
  column: undefined,
  dataType: undefined,
  constraint: undefined,
  file: 'parse_relation.c',
  line: '3729',
  routine: 'errorMissingColumn'
}
❌ Error: error: column r.rating does not exist
    at /workspaces/Delicrunch/Backend/node_modules/pg-pool/index.js:45:11
    at process.processTicksAndRejections (node:internal/process/task_queues:105:5)
    at async /workspaces/Delicrunch/Backend/controllers/reviewController.js:294:21
Error al verificar rol: error: column "rol" does not exist
    at /workspaces/Delicrunch/Backend/node_modules/pg-pool/index.js:45:11
    at process.processTicksAndRejections (node:internal/process/task_queues:105:5)
    at async /workspaces/Delicrunch/Backend/middleware/authMiddleware.js:57:28 {
  length: 159,
  severity: 'ERROR',
  code: '42703',
  detail: undefined,
  hint: 'Perhaps you meant to reference the column "users.role".',
  position: '8',
  internalPosition: undefined,
  internalQuery: undefined,
  where: undefined,
  schema: undefined,
  table: undefined,
  column: undefined,
  dataType: undefined,
  constraint: undefined,
  file: 'parse_relation.c',
  line: '3729',
  routine: 'errorMissingColumn'
}
Error al verificar rol: error: column "rol" does not exist
    at /workspaces/Delicrunch/Backend/node_modules/pg-pool/index.js:45:11
    at process.processTicksAndRejections (node:internal/process/task_queues:105:5)
    at async /workspaces/Delicrunch/Backend/middleware/authMiddleware.js:57:28 {
  length: 159,
  severity: 'ERROR',
  code: '42703',
  detail: undefined,
  hint: 'Perhaps you meant to reference the column "users.role".',
  position: '8',
  internalPosition: undefined,
  internalQuery: undefined,
  where: undefined,
  schema: undefined,
  table: undefined,
  column: undefined,
  dataType: undefined,
  constraint: undefined,
  file: 'parse_relation.c',
  line: '3729',
  routine: 'errorMissingColumn'
}
❌ Error: error: invalid input syntax for type integer: "all"
    at /workspaces/Delicrunch/Backend/node_modules/pg-pool/index.js:45:11
    at process.processTicksAndRejections (node:internal/process/task_queues:105:5)
    at async /workspaces/Delicrunch/Backend/controllers/orderController.js:180:25
🔐 Intento de login: {
  email: 'comprador@delicrunch.com',
  passwordLength: 11,
  body: { email: 'comprador@delicrunch.com', password: 'password123' }
}
✅ Usuario encontrado: { id: 15, email: 'comprador@delicrunch.com', rol: 'buyer' }
🔑 Comparación de contraseña: { isMatch: true, hashPreview: '$2b$10$AgLytnfA.8R13' }
🔐 Intento de login: {
  email: 'comprador@delicrunch.com',
  passwordLength: 11,
  body: { email: 'comprador@delicrunch.com', password: 'password123' }
}
✅ Usuario encontrado: { id: 15, email: 'comprador@delicrunch.com', rol: 'buyer' }
🔑 Comparación de contraseña: { isMatch: true, hashPreview: '$2b$10$AgLytnfA.8R13' }
