nohup: ignoring input

[0;34m╔══════════════════════════════════════════════════════════════════╗[0m
[0;34m║[0m      🥐  [1mDELICRUNCH - Expo Development Build[0m  🥐              [0;34m║[0m
[0;34m║[0m          [0;36mReact Native + Stripe SDK Nativo[0m                     [0;34m║[0m
[0;34m╚══════════════════════════════════════════════════════════════════╝[0m


[0;35m━━━ PASO 1/6: Limpiando procesos anteriores ━━━[0m

[1;33m🧹 Limpiando procesos...[0m
[0;32m✓ [0mLimpieza completada

[0;35m━━━ PASO 2/6: Iniciando PostgreSQL ━━━[0m
 Network delicrunch_default  Creating
 Network delicrunch_default  Created
 Container delicrunch-postgres  Creating
 Container delicrunch-postgres  Created
 Container delicrunch-postgres  Starting
 Container delicrunch-postgres  Started
[0;36mℹ [0mEsperando que PostgreSQL esté listo...
[0;32m✓ [0mPostgreSQL listo

[0;35m━━━ PASO 3/6: Configurando base de datos ━━━[0m
✓ Esquema de base de datos aplicado exitosamente
[0;32m✓ [0mdb/migrate.js

🔒 Iniciando seed seguro de tiendas fijas (no destructivo)
✅ Tienda existente actualizada: Delicias Fijo (id: 4)
✅ Tienda existente actualizada: Meoqui Fijo (id: 6)
✅ Tienda existente actualizada: Camargo Fijo (id: 8)

✅ Seed seguro completado. No se crearon usuarios ni productos.
[0;32m✓ [0mdb/seed-fixed-stores.js

[0;35m━━━ PASO 4/6: Iniciando Backend (puerto 5001) ━━━[0m
[0;36mℹ [0mEsperando que el Backend responda...
.[0;32m✓ [0mBackend listo (PID: 78144)

[0;35m━━━ PASO 5/6: Configurando URL pública del Backend ━━━[0m
[0;32m✓ [0mUsando Codespaces URL
[0;32m✓ [0mPuerto 5001 configurado como público

[0;36mℹ [0mURL del Backend: https://silver-telegram-7vx44jrgxxqrhrw79-5001.app.github.dev

[0;35m━━━ PASO 6/6: Configurando e iniciando Expo Dev Server ━━━[0m
[0;32m✓ [0m.env actualizado con API URL: https://silver-telegram-7vx44jrgxxqrhrw79-5001.app.github.dev
[0;36mℹ [0mLimpiando caché de Expo y Metro...
[0;36mℹ [0mMetro Hostname configurado: silver-telegram-7vx44jrgxxqrhrw79-8081.app.github.dev
[0;36mℹ [0mIniciando Expo Dev Server (esto puede tomar 10-15 segundos)...
[0;36mℹ [0mEsperando a que Metro Bundler esté listo...
[0;36mℹ [0mEsperando a que Expo genere la URL de conexión...
Starting project at /workspaces/Delicrunch/Frontend
📱 [app.config.js] API URL: https://silver-telegram-7vx44jrgxxqrhrw79-5001.app.github.dev
📱 [app.config.js] Stripe Key: ✅ Configurada
📱 [app.config.js] API URL: https://silver-telegram-7vx44jrgxxqrhrw79-5001.app.github.dev
📱 [app.config.js] Stripe Key: ✅ Configurada
📱 [app.config.js] API URL: https://silver-telegram-7vx44jrgxxqrhrw79-5001.app.github.dev
📱 [app.config.js] Stripe Key: ✅ Configurada
Starting Metro Bundler
📱 [app.config.js] API URL: https://silver-telegram-7vx44jrgxxqrhrw79-5001.app.github.dev
📱 [app.config.js] Stripe Key: ✅ Configurada
📱 [app.config.js] API URL: https://silver-telegram-7vx44jrgxxqrhrw79-5001.app.github.dev
📱 [app.config.js] Stripe Key: ✅ Configurada
Waiting on http://localhost:8081
Logs for your project will appear below.

[0;34m═══════════════════════════════════════════════════════════════[0m
[0;34m              🔍 VERIFICACIÓN DE SERVICIOS                      [0m
[0;34m═══════════════════════════════════════════════════════════════[0m

[0;32m✓ [0mBackend local: http://localhost:5001
[0;32m✓ [0mBackend público: https://silver-telegram-7vx44jrgxxqrhrw79-5001.app.github.dev
[0;32m✓ [0mSistema de autenticación funcionando

[0;32m═══════════════════════════════════════════════════════════════[0m
[0;32m              🎉 ENTORNO LISTO PARA DESARROLLO                  [0m
[0;32m═══════════════════════════════════════════════════════════════[0m

\033[1m🌐 URLs del Sistema:\033[0m
   Backend Local:     http://localhost:5001
   Backend Público:   https://silver-telegram-7vx44jrgxxqrhrw79-5001.app.github.dev
   Base de Datos:     localhost:5432 (postgres/Qazwsx1234)
   Expo Dev Server:   http://localhost:8081

\033[1m📱 IMPORTANTE - Configurar puertos públicos en Codespaces:\033[0m
   \033[1;33mSi estás en GitHub Codespaces, configura estos puertos como públicos:\033[0m
   1. Ve a la pestaña "PORTS" (abajo en VS Code)
   2. Puerto 5001 → Click derecho → Port Visibility → Public
   3. Puerto 8081 → Click derecho → Port Visibility → Public
   4. Puerto 8082 → Click derecho → Port Visibility → Public (opcional)
   
   \033[0;36mLuego copia la URL del puerto 8081 para conectar tu dispositivo.\033[0m

\033[1m👤 Cuentas de Prueba:\033[0m
   Admin:     admindeli@delicrunch.com / Admin1234
   Comercio:  espiga@demo.com / Admin1234
   Comprador: comprador@delicrunch.com / Comprador123

\033[1m📱 IMPORTANTE - Development Build (NO Expo Go):\033[0m
   
   \033[1;33mTu app usa @stripe/stripe-react-native que requiere código nativo.
   NO funcionará con Expo Go. Necesitas crear un Development Build:\033[0m

   \033[0;36mPASO 1: Crear el build para Android/iOS\033[0m
   cd Frontend
   npx eas login                                              # Login en EAS
   npx eas build --platform android --profile development    # Android APK
   npx eas build --platform ios --profile development        # iOS (requiere Mac/cuenta Apple)

   \033[0;36mPASO 2: Instalar el APK/IPA en tu dispositivo\033[0m
   - Descarga el APK desde el link que te da EAS
   - Instálalo en tu teléfono Android
   - Para iOS: usa TestFlight o instala el .ipa directamente

   \033[0;36mPASO 3: Conectar al Dev Server\033[0m
   - Abre la app "Delicrunch" instalada (NO Expo Go)
   - Presiona 's' en la terminal para cambiar a modo servidor
   - Escanea el QR o ingresa la URL manualmente
   - URL formato: exp://[CODESPACE_URL]:8081

\033[1m📋 Logs en tiempo real:\033[0m
   tail -f /workspaces/Delicrunch/backend.log      # Backend
   tail -f /workspaces/Delicrunch/frontend.log     # Frontend/Expo

\033[1m🛑 Para detener todo:\033[0m
   Ctrl+C o ejecutar: kill $(cat /workspaces/Delicrunch/Backend/server.pid) $(cat /workspaces/Delicrunch/scripts/expo.pid)


[0;34m═══════════════════════════════════════════════════════════════[0m
[0;34m              📱 CONEXIÓN AL DEVELOPMENT BUILD                  [0m
[0;34m═══════════════════════════════════════════════════════════════[0m

[0;32m✅ Expo Dev Server está ejecutándose[0m

[1m🔗 URL de Conexión:[0m
   [0;36mexp://silver-telegram-7vx44jrgxxqrhrw79-8081.app.github.dev[0m

[1m📱 Escanea este QR desde tu Development Build:[0m

[40;37;1m█████████████████████████████████████████[0m
[40;37;1m█████████████████████████████████████████[0m
[40;37;1m████ ▄▄▄▄▄ █▀█ █▄ ▀ ██▀▄███▄▀█ ▄▄▄▄▄ ████[0m
[40;37;1m████ █   █ █▀▀▀█ ▄▀▀ ▀▀▀▀▄▀███ █   █ ████[0m
[40;37;1m████ █▄▄▄█ █▀ █▀▀██▀  ▄▄█▄▄▄ █ █▄▄▄█ ████[0m
[40;37;1m████▄▄▄▄▄▄▄█▄▀ ▀▄█ ▀ █ █▄▀▄█▄█▄▄▄▄▄▄▄████[0m
[40;37;1m████ ▄  ▄▀▄▄▄▄▀▄▀▀▀▄▀▄▀▀▄▀▄▀▀▄▀▄█ █▄▀████[0m
[40;37;1m█████ ▀▀  ▄▀ █▄█▀ ▄ ▀█▄██▀ █ ▄▄██▄▀█▀████[0m
[40;37;1m████▄▀▀ ▀▄▄▀█▄▄█▄█▄▄▀▄█ ▄█  █▄▀▄▄▀█▀ ████[0m
[40;37;1m█████  ▄▄▄▄▀█▀  ▄█▀▄▀█ █  █▀▄ █▄█ ▀██████[0m
[40;37;1m████ ▄█   ▄ ███▄▀▀▀██▄█ ██ ▀█▄▀█▄▄▀▀▀████[0m
[40;37;1m████▀█ ██▀▄▄▄ ▄█▀ ▄▄██ █▄ █▀█ ▀█▀ ▀▄█████[0m
[40;37;1m████▀ ▄▄█▀▄▀█▀▄█▄█▄▄▀   ▄▀ ▀▀ ▀ ▄██▀ ████[0m
[40;37;1m████ █  ██▄ ▀▀  ▄█▀  ▄▀▀  ▀███▀ ▄   █████[0m
[40;37;1m████▄██▄▄█▄▄▀ ▀▄▀▀▀▄ ▄▀▀▄▀ ▄ ▄▄▄ ▀█▄▀████[0m
[40;37;1m████ ▄▄▄▄▄ █▄ ▄█▀ ▄ █▄█▀ ▀█▄ █▄█ ▀  ▀████[0m
[40;37;1m████ █   █ █ █▀█▄█▄█▀ ▀▀ █▄▀  ▄▄  ▀▀ ████[0m
[40;37;1m████ █▄▄▄█ █  █ ▄█▀ ▀█▄▀█ █▄██▄██▀▀██████[0m
[40;37;1m████▄▄▄▄▄▄▄█▄█▄▄███▄▄▄██▄█▄▄▄▄█████▄█████[0m
[40;37;1m█████████████████████████████████████████[0m
[40;37;1m█████████████████████████████████████████[0m

[1m📋 Instrucciones:[0m
   1. Asegúrate de que el puerto 8081 es [0;32mpúblico[0m (PORTS tab)
   2. Abre la app [1mDelicrunch[0m en tu dispositivo (NO Expo Go)
   3. Escanea el QR o ingresa manualmente la URL

[0;34m═══════════════════════════════════════════════════════════════[0m

[0;36m📺 Los logs de Expo se están guardando en: /workspaces/Delicrunch/frontend.log[0m
[0;36m   Para ver en tiempo real: [1mtail -f /workspaces/Delicrunch/frontend.log[0m

[1;33mPresiona Ctrl+C para detener todos los servicios[0m

